Analyzing vehicle_start_service.dart...                         

   info - The imported package 'http' isn't a dependency of the importing package - lib\services\vehicle_start_service.dart:2:8 - depend_on_referenced_packages
   info - The imported package 'http_parser' isn't a dependency of the importing package - lib\services\vehicle_start_service.dart:5:8 - depend_on_referenced_packages

